Archive member included to satisfy reference by file (symbol)

/opt/microchip/xc32/v4.60/bin/bin/../../lib/gcc/pic32c/8.3.1/../../../../pic32c/lib/thumb/v7e-m+fp/hard/libpic32c.a(data_init.o)
                              /tmp/cczBSlBJ.o (__pic32c_data_initialization)
/opt/microchip/xc32/v4.60/bin/bin/../../lib/gcc/pic32c/8.3.1/../../../../pic32c/lib/thumb/v7e-m+fp/hard/libg-musl.a(__libc_start_main.o)
                              /tmp/cczBSlBJ.o (__libc_init_array)
/opt/microchip/xc32/v4.60/bin/bin/../../lib/gcc/pic32c/8.3.1/../../../../pic32c/lib/thumb/v7e-m+fp/hard/libg-musl.a(libc.o)
                              /opt/microchip/xc32/v4.60/bin/bin/../../lib/gcc/pic32c/8.3.1/../../../../pic32c/lib/thumb/v7e-m+fp/hard/libg-musl.a(__libc_start_main.o) (__progname_full)
/opt/microchip/xc32/v4.60/bin/bin/../../lib/gcc/pic32c/8.3.1/../../../../pic32c/lib/thumb/v7e-m+fp/hard/libg-musl.a(__environ.o)
                              /opt/microchip/xc32/v4.60/bin/bin/../../lib/gcc/pic32c/8.3.1/../../../../pic32c/lib/thumb/v7e-m+fp/hard/libg-musl.a(__libc_start_main.o) (__environ)
/opt/microchip/xc32/v4.60/bin/bin/../../lib/gcc/pic32c/8.3.1/../../../../pic32c/lib/thumb/v7e-m+fp/hard/libpic32c.a(pic32_data_init_clear.o)
                              (__dinit_clear_needed)
/opt/microchip/xc32/v4.60/bin/bin/../../lib/gcc/pic32c/8.3.1/../../../../pic32c/lib/thumb/v7e-m+fp/hard/libpic32c.a(pic32_data_init_copy.o)
                              (__dinit_copy_needed)

Microchip PIC32 Memory-Usage Report

ROM Program-Memory Usage
section                    address  length [bytes]      (dec)  Description
-------                 ----------  -------------------------  -----------
.vectors                         0          0x260         608   
.text                        0x260           0x20          32  App's exec code 
.text                        0x280          0x3c0         960  App's exec code 
.text.Reset_Handler          0x640           0xa0         160   
.dinit                       0x6e0           0x70         112   
.text.__libc_start_init      0x750           0x5c          92   
.text                        0x7ac           0x40          64  App's exec code 
.text.__pic32c_data_ini      0x7ec           0x38          56   
.text                        0x824           0x28          40  App's exec code 
.text.__dinit_copy           0x84c           0x1e          30   
.text.Dummy_Handler          0x86a            0x2           2   
.rodata                      0x86c           0x14          20  Read-only const 
.text.__dinit_clear          0x880           0x12          18   
.text.__dummy_decompres      0x892            0x4           4   
.text.__dummy_init_tls       0x896            0x2           2   
.text.__dummy                0x898            0x2           2   
      Total ROM used  :       0x89a        2202  0.2% of 0x100000
        --------------------------------------------------------------------------
         Total Program Memory used  :       0x89a        2202  0.2% of 0x100000
        --------------------------------------------------------------------------


RAM Data-Memory Usage
section                    address  length [bytes]      (dec)  Description
-------                 ----------  -------------------------  -----------
.bss                    0x20000000           0x50          80  Uninitialized data 
.bss                    0x20000050           0x1c          28  Uninitialized data 
.bss                    0x2000006c            0x4           4  Uninitialized data 
.bss                    0x20000070            0x4           4  Uninitialized data 
.bss                    0x20000074            0x1           1  Uninitialized data 
.data                   0x20000078            0x4           4  Initialized data 
.eh_frame               0x2000007c            0x4           4   
         Total RAM used  :        0x7d         125  0.0% of 0x40000
        --------------------------------------------------------------------------
            Total Data Memory used  :        0x7d         125  0.0% of 0x40000
        --------------------------------------------------------------------------


Dynamic Data-Memory Reservation
section                    address  length [bytes]      (dec)  Description
-------                 ----------  -------------------------  -----------
heap                    0x20000088           0x10          16  Reserved for heap 
stack                   0x200000b0        0x3ff48      261960  Reserved for stack 

        --------------------------------------------------------------------------

Microchip PIC32 Memory-Usage Report By Module

        text        data         bss         dec         hex    basename                   filename
--------------------------------------------------------------------------------
         960           0           0         960         3c0    main.c.o               CMakeFiles/Interrupt_CoolConfig_default_XC32_compile.dir/home/vikingur/Vortex/Embedded/Oppstart/embedded-learning-period/task2/main.c.o
         810           0           1         811         32b    cczBSlBJ.o             /tmp/cczBSlBJ.o
         112           0           0         112          70    data_init              data_init
          72           4          28         104          68    crtbegin.o             /opt/microchip/xc32/v4.60/bin/bin/../../lib/gcc/pic32c/8.3.1/thumb/v7e-m+fp/hard/crtbegin.o
          94           0           0          94          5e    __libc_start_main.o    libg-musl.a
          82           0           4          86          56    data_init.o            libpic32c.a
           0           0          80          80          50    libc.o                 libg-musl.a
          30           0           0          30          1e    pic32_data_init_copy.o libpic32c.a
          18           0           0          18          12    pic32_data_init_clear.olibpic32c.a
          16           0           0          16          10    crtn.o                 /opt/microchip/xc32/v4.60/bin/bin/../../lib/gcc/pic32c/8.3.1/thumb/v7e-m+fp/hard/crtn.o
           8           0           0           8           8    crti.o                 /opt/microchip/xc32/v4.60/bin/bin/../../lib/gcc/pic32c/8.3.1/thumb/v7e-m+fp/hard/crti.o
           0           4           0           4           4    crtend.o               /opt/microchip/xc32/v4.60/bin/bin/../../lib/gcc/pic32c/8.3.1/thumb/v7e-m+fp/hard/crtend.o
           0           0           4           4           4    __environ.o            libg-musl.a
--------------------------------------------------------------------------------
        2202           8         117        2327         917    /home/vikingur/Vortex/Embedded/Oppstart/embedded-learning-period/task2/out/Interrupt/CoolConfig.elf


Discarded input sections

 .xc_stack_usage.hdr
                0x0000000000000000        0xe /opt/microchip/xc32/v4.60/bin/bin/../../lib/gcc/pic32c/8.3.1/thumb/v7e-m+fp/hard/crti.o
 .xc_stack_usage
                0x0000000000000000       0x26 /opt/microchip/xc32/v4.60/bin/bin/../../lib/gcc/pic32c/8.3.1/thumb/v7e-m+fp/hard/crti.o
 .xc_stack_usage
                0x0000000000000000       0x3c /opt/microchip/xc32/v4.60/bin/bin/../../lib/gcc/pic32c/8.3.1/thumb/v7e-m+fp/hard/crtbegin.o
 .xc_stack_usage.hdr
                0x0000000000000000        0xe /opt/microchip/xc32/v4.60/bin/bin/../../lib/gcc/pic32c/8.3.1/thumb/v7e-m+fp/hard/crtbegin.o
 .xc_stack_usage
                0x0000000000000000       0x68 /opt/microchip/xc32/v4.60/bin/bin/../../lib/gcc/pic32c/8.3.1/../../../../pic32c/lib/thumb/v7e-m+fp/hard/libpic32c.a(data_init.o)
 .xc_stack_usage.hdr
                0x0000000000000000        0xe /opt/microchip/xc32/v4.60/bin/bin/../../lib/gcc/pic32c/8.3.1/../../../../pic32c/lib/thumb/v7e-m+fp/hard/libpic32c.a(data_init.o)
 .xc_stack_usage
                0x0000000000000000       0x34 /opt/microchip/xc32/v4.60/bin/bin/../../lib/gcc/pic32c/8.3.1/../../../../pic32c/lib/thumb/v7e-m+fp/hard/libg-musl.a(__libc_start_main.o)
 .xc_stack_usage.hdr
                0x0000000000000000        0xe /opt/microchip/xc32/v4.60/bin/bin/../../lib/gcc/pic32c/8.3.1/../../../../pic32c/lib/thumb/v7e-m+fp/hard/libg-musl.a(__libc_start_main.o)
 .xc_stack_usage.hdr
                0x0000000000000000        0xe /opt/microchip/xc32/v4.60/bin/bin/../../lib/gcc/pic32c/8.3.1/../../../../pic32c/lib/thumb/v7e-m+fp/hard/libg-musl.a(libc.o)
 .xc_stack_usage.hdr
                0x0000000000000000        0xe /opt/microchip/xc32/v4.60/bin/bin/../../lib/gcc/pic32c/8.3.1/../../../../pic32c/lib/thumb/v7e-m+fp/hard/libg-musl.a(__environ.o)
 .xc_stack_usage.hdr
                0x0000000000000000        0xe /opt/microchip/xc32/v4.60/bin/bin/../../lib/gcc/pic32c/8.3.1/thumb/v7e-m+fp/hard/crtend.o
 .xc_stack_usage.hdr
                0x0000000000000000        0xe /opt/microchip/xc32/v4.60/bin/bin/../../lib/gcc/pic32c/8.3.1/thumb/v7e-m+fp/hard/crtn.o
 .xc_stack_usage
                0x0000000000000000       0x1b /opt/microchip/xc32/v4.60/bin/bin/../../lib/gcc/pic32c/8.3.1/../../../../pic32c/lib/thumb/v7e-m+fp/hard/libpic32c.a(pic32_data_init_clear.o)
 .xc_stack_usage.hdr
                0x0000000000000000        0xe /opt/microchip/xc32/v4.60/bin/bin/../../lib/gcc/pic32c/8.3.1/../../../../pic32c/lib/thumb/v7e-m+fp/hard/libpic32c.a(pic32_data_init_clear.o)
 .xc_stack_usage
                0x0000000000000000       0x1a /opt/microchip/xc32/v4.60/bin/bin/../../lib/gcc/pic32c/8.3.1/../../../../pic32c/lib/thumb/v7e-m+fp/hard/libpic32c.a(pic32_data_init_copy.o)
 .xc_stack_usage.hdr
                0x0000000000000000        0xe /opt/microchip/xc32/v4.60/bin/bin/../../lib/gcc/pic32c/8.3.1/../../../../pic32c/lib/thumb/v7e-m+fp/hard/libpic32c.a(pic32_data_init_copy.o)

Memory Configuration

Name             Origin             Length             Attributes
rom              0x0000000000000000 0x0000000000100000 xrl
ram              0x0000000020000000 0x0000000000040000 xw !r
tcm              0x0000000003000000 0x0000000000000000 xw
bkupram          0x0000000047000000 0x0000000000002000
config_00804000  0x0000000000804000 0x0000000000000004
config_00804004  0x0000000000804004 0x0000000000000004
config_00804008  0x0000000000804008 0x0000000000000004
*default*        0x0000000000000000 0xffffffffffffffff

Linker script and memory map

LOAD /opt/microchip/xc32/v4.60/bin/bin/../../lib/gcc/pic32c/8.3.1/thumb/v7e-m+fp/hard/crti.o
LOAD /opt/microchip/xc32/v4.60/bin/bin/../../lib/gcc/pic32c/8.3.1/thumb/v7e-m+fp/hard/crtbegin.o
                0x0000000000000001                __MPLAB_BUILD = 0x1
                0x0000000000000001                __MPLAB_DEBUG = 0x1
                0x0000000000000001                __DEBUG = 0x1
LOAD CMakeFiles/Interrupt_CoolConfig_default_XC32_compile.dir/home/vikingur/Vortex/Embedded/Oppstart/embedded-learning-period/task2/main.c.o
LOAD /tmp/cczBSlBJ.o
START GROUP
LOAD /opt/microchip/xc32/v4.60/bin/bin/../../lib/gcc/pic32c/8.3.1/../../../../pic32c/lib/thumb/v7e-m+fp/hard/libpic32c.a
LOAD /opt/microchip/xc32/v4.60/bin/bin/../../lib/gcc/pic32c/8.3.1/../../../../pic32c/lib/thumb/v7e-m+fp/hard/libc-size-musl.a
LOAD /opt/microchip/xc32/v4.60/bin/bin/../../lib/gcc/pic32c/8.3.1/../../../../pic32c/lib/thumb/v7e-m+fp/hard/liblmalloc-musl.a
LOAD /opt/microchip/xc32/v4.60/bin/bin/../../lib/gcc/pic32c/8.3.1/../../../../pic32c/lib/thumb/v7e-m+fp/hard/libm-fast-emfloat.a
LOAD /opt/microchip/xc32/v4.60/bin/bin/../../lib/gcc/pic32c/8.3.1/../../../../pic32c/lib/thumb/v7e-m+fp/hard/libm-musl.a
LOAD /opt/microchip/xc32/v4.60/bin/bin/../../lib/gcc/pic32c/8.3.1/../../../../pic32c/lib/thumb/v7e-m+fp/hard/libg-musl.a
LOAD /opt/microchip/xc32/v4.60/bin/bin/../../lib/gcc/pic32c/8.3.1/../../../../pic32c/lib/thumb/v7e-m+fp/hard/libc-musl.a
LOAD /opt/microchip/xc32/v4.60/bin/bin/../../lib/gcc/pic32c/8.3.1/../../../../pic32c/lib/thumb/v7e-m+fp/hard/libm-fast-emfloat.a
LOAD /opt/microchip/xc32/v4.60/bin/bin/../../lib/gcc/pic32c/8.3.1/../../../../pic32c/lib/thumb/v7e-m+fp/hard/libm-musl.a
LOAD /opt/microchip/xc32/v4.60/bin/bin/../../lib/gcc/pic32c/8.3.1/thumb/v7e-m+fp/hard/libgcc.a
END GROUP
LOAD /opt/microchip/xc32/v4.60/bin/bin/../../lib/gcc/pic32c/8.3.1/thumb/v7e-m+fp/hard/crtend.o
LOAD /opt/microchip/xc32/v4.60/bin/bin/../../lib/gcc/pic32c/8.3.1/thumb/v7e-m+fp/hard/crtn.o
                0x0000000000100000                __rom_end = (ORIGIN (rom) + LENGTH (rom))
                0x0000000020040000                __ram_end = (ORIGIN (ram) + LENGTH (ram))

.config_00804000
 *(.config_00804000)

.config_00804004
 *(.config_00804004)

.config_00804008
 *(.config_00804008)

.vectors        0x0000000000000000      0x260
                0x0000000000000000                . = ALIGN (0x4)
                0x0000000000000000                _sfixed = .
 *(.vectors .vectors.* .vectors_default .vectors_default.*)
 .vectors.default
                0x0000000000000000      0x260 /tmp/cczBSlBJ.o
                0x0000000000000000                exception_table
 *(.isr_vector)
 *(.reset*)
 *(.after_vectors)

.text           0x0000000000000260       0x20
                0x0000000000000260                . = ALIGN (0x4)
 *(.glue_7t)
 .glue_7t       0x0000000000000260        0x0 linker stubs
 *(.glue_7)
 .glue_7        0x0000000000000260        0x0 linker stubs
 *(.gnu.linkonce.r.*)
 *(.ARM.extab* .gnu.linkonce.armextab.*)
                0x0000000000000260                . = ALIGN (0x4)
 *(.init)
 .init          0x0000000000000260        0x4 /opt/microchip/xc32/v4.60/bin/bin/../../lib/gcc/pic32c/8.3.1/thumb/v7e-m+fp/hard/crti.o
                0x0000000000000260                _init
 .init          0x0000000000000264        0x8 /opt/microchip/xc32/v4.60/bin/bin/../../lib/gcc/pic32c/8.3.1/thumb/v7e-m+fp/hard/crtn.o
                0x000000000000026c                . = ALIGN (0x4)
                0x000000000000026c                __preinit_array_start = .
 *(.preinit_array)
                0x000000000000026c                __preinit_array_end = .
                0x000000000000026c                . = ALIGN (0x4)
                0x000000000000026c                __init_array_start = .
 *(SORT_BY_NAME(.init_array.*))
 *(.init_array)
 .init_array    0x000000000000026c        0x4 /opt/microchip/xc32/v4.60/bin/bin/../../lib/gcc/pic32c/8.3.1/thumb/v7e-m+fp/hard/crtbegin.o
                0x0000000000000270                __init_array_end = .
                0x0000000000000270                . = ALIGN (0x4)
 *crtbegin.o(.ctors)
 *(EXCLUDE_FILE(*crtend.o) .ctors)
 *(SORT_BY_NAME(.ctors.*))
 *crtend.o(.ctors)
                0x0000000000000270                . = ALIGN (0x4)
 *(.fini)
 .fini          0x0000000000000270        0x4 /opt/microchip/xc32/v4.60/bin/bin/../../lib/gcc/pic32c/8.3.1/thumb/v7e-m+fp/hard/crti.o
                0x0000000000000270                _fini
 .fini          0x0000000000000274        0x8 /opt/microchip/xc32/v4.60/bin/bin/../../lib/gcc/pic32c/8.3.1/thumb/v7e-m+fp/hard/crtn.o
                0x000000000000027c                . = ALIGN (0x4)
                0x000000000000027c                __fini_array_start = .
 *(.fini_array)
 .fini_array    0x000000000000027c        0x4 /opt/microchip/xc32/v4.60/bin/bin/../../lib/gcc/pic32c/8.3.1/thumb/v7e-m+fp/hard/crtbegin.o
 *(SORT_BY_NAME(.fini_array.*))
                0x0000000000000280                __fini_array_end = .
 *crtbegin.o(.dtors)
 *(EXCLUDE_FILE(*crtend.o) .dtors)
 *(SORT_BY_NAME(.dtors.*))
 *crtend.o(.dtors)
                0x0000000000000280                . = ALIGN (0x4)
                0x0000000000000280                _efixed = .
                [!provide]                        PROVIDE (__exidx_start = .)

.ARM.exidx
 *(.ARM.exidx* .gnu.linkonce.armexidx.*)
                [!provide]                        PROVIDE (__exidx_end = .)
                0x0000000000000280                . = ALIGN (0x4)
                0x0000000000000280                _etext = .

.bss            0x0000000020000000        0x0
                0x0000000020000000                . = ALIGN (0x4)
                0x0000000020000000                __bss_start__ = .
                0x0000000020000000                _sbss = .
                0x0000000020000000                _szero = .
 *(COMMON)
                0x0000000020000000                . = ALIGN (0x4)
                0x0000000020000000                __bss_end__ = .
                0x0000000020000000                _ebss = .
                0x0000000020000000                _ezero = .
                0x0000000020000000                . = ALIGN (0x4)
                0x0000000020000000                _end = .
                0x000000002003ffff                _ram_end_ = ((ORIGIN (ram) + LENGTH (ram)) - 0x1)

.bkupram_bss
 *(.bkupram_bss .bkupram_bss.*)
 *(.pbss .pbss.*)
OUTPUT(/home/vikingur/Vortex/Embedded/Oppstart/embedded-learning-period/task2/out/Interrupt/CoolConfig.elf elf32-littlearm)
LOAD data_init
LOAD stack

.ARM.attributes
                0x0000000000000000       0x34
 .ARM.attributes
                0x0000000000000000       0x1e /opt/microchip/xc32/v4.60/bin/bin/../../lib/gcc/pic32c/8.3.1/thumb/v7e-m+fp/hard/crti.o
 .ARM.attributes
                0x000000000000001e       0x34 /opt/microchip/xc32/v4.60/bin/bin/../../lib/gcc/pic32c/8.3.1/thumb/v7e-m+fp/hard/crtbegin.o
 .ARM.attributes
                0x0000000000000052       0x34 CMakeFiles/Interrupt_CoolConfig_default_XC32_compile.dir/home/vikingur/Vortex/Embedded/Oppstart/embedded-learning-period/task2/main.c.o
 .ARM.attributes
                0x0000000000000086       0x34 /tmp/cczBSlBJ.o
 .ARM.attributes
                0x00000000000000ba       0x34 /opt/microchip/xc32/v4.60/bin/bin/../../lib/gcc/pic32c/8.3.1/../../../../pic32c/lib/thumb/v7e-m+fp/hard/libpic32c.a(data_init.o)
 .ARM.attributes
                0x00000000000000ee       0x36 /opt/microchip/xc32/v4.60/bin/bin/../../lib/gcc/pic32c/8.3.1/../../../../pic32c/lib/thumb/v7e-m+fp/hard/libg-musl.a(__libc_start_main.o)
 .ARM.attributes
                0x0000000000000124       0x34 /opt/microchip/xc32/v4.60/bin/bin/../../lib/gcc/pic32c/8.3.1/../../../../pic32c/lib/thumb/v7e-m+fp/hard/libg-musl.a(libc.o)
 .ARM.attributes
                0x0000000000000158       0x34 /opt/microchip/xc32/v4.60/bin/bin/../../lib/gcc/pic32c/8.3.1/../../../../pic32c/lib/thumb/v7e-m+fp/hard/libg-musl.a(__environ.o)
 .ARM.attributes
                0x000000000000018c       0x32 /opt/microchip/xc32/v4.60/bin/bin/../../lib/gcc/pic32c/8.3.1/thumb/v7e-m+fp/hard/crtend.o
 .ARM.attributes
                0x00000000000001be       0x1e /opt/microchip/xc32/v4.60/bin/bin/../../lib/gcc/pic32c/8.3.1/thumb/v7e-m+fp/hard/crtn.o
 .ARM.attributes
                0x00000000000001dc       0x34 /opt/microchip/xc32/v4.60/bin/bin/../../lib/gcc/pic32c/8.3.1/../../../../pic32c/lib/thumb/v7e-m+fp/hard/libpic32c.a(pic32_data_init_clear.o)
 .ARM.attributes
                0x0000000000000210       0x34 /opt/microchip/xc32/v4.60/bin/bin/../../lib/gcc/pic32c/8.3.1/../../../../pic32c/lib/thumb/v7e-m+fp/hard/libpic32c.a(pic32_data_init_copy.o)

.comment        0x0000000000000000       0x2b
 .comment       0x0000000000000000       0x2b /opt/microchip/xc32/v4.60/bin/bin/../../lib/gcc/pic32c/8.3.1/thumb/v7e-m+fp/hard/crtbegin.o
                                         0x2c (size before relaxing)
 .comment       0x000000000000002b       0x2c CMakeFiles/Interrupt_CoolConfig_default_XC32_compile.dir/home/vikingur/Vortex/Embedded/Oppstart/embedded-learning-period/task2/main.c.o
 .comment       0x000000000000002b       0x2c /tmp/cczBSlBJ.o
 .comment       0x000000000000002b       0x2c /opt/microchip/xc32/v4.60/bin/bin/../../lib/gcc/pic32c/8.3.1/../../../../pic32c/lib/thumb/v7e-m+fp/hard/libpic32c.a(data_init.o)
 .comment       0x000000000000002b       0x2c /opt/microchip/xc32/v4.60/bin/bin/../../lib/gcc/pic32c/8.3.1/../../../../pic32c/lib/thumb/v7e-m+fp/hard/libg-musl.a(__libc_start_main.o)
 .comment       0x000000000000002b       0x2c /opt/microchip/xc32/v4.60/bin/bin/../../lib/gcc/pic32c/8.3.1/../../../../pic32c/lib/thumb/v7e-m+fp/hard/libg-musl.a(libc.o)
 .comment       0x000000000000002b       0x2c /opt/microchip/xc32/v4.60/bin/bin/../../lib/gcc/pic32c/8.3.1/../../../../pic32c/lib/thumb/v7e-m+fp/hard/libg-musl.a(__environ.o)
 .comment       0x000000000000002b       0x2c /opt/microchip/xc32/v4.60/bin/bin/../../lib/gcc/pic32c/8.3.1/thumb/v7e-m+fp/hard/crtend.o
 .comment       0x000000000000002b       0x2c /opt/microchip/xc32/v4.60/bin/bin/../../lib/gcc/pic32c/8.3.1/../../../../pic32c/lib/thumb/v7e-m+fp/hard/libpic32c.a(pic32_data_init_clear.o)
 .comment       0x000000000000002b       0x2c /opt/microchip/xc32/v4.60/bin/bin/../../lib/gcc/pic32c/8.3.1/../../../../pic32c/lib/thumb/v7e-m+fp/hard/libpic32c.a(pic32_data_init_copy.o)

.debug_info     0x0000000000000000     0x2638
 .debug_info    0x0000000000000000      0xf73 CMakeFiles/Interrupt_CoolConfig_default_XC32_compile.dir/home/vikingur/Vortex/Embedded/Oppstart/embedded-learning-period/task2/main.c.o
 .debug_info    0x0000000000000f73      0xfd6 /tmp/cczBSlBJ.o
 .debug_info    0x0000000000001f49       0x68 /opt/microchip/xc32/v4.60/bin/bin/../../lib/gcc/pic32c/8.3.1/../../../../pic32c/lib/thumb/v7e-m+fp/hard/libpic32c.a(data_init.o)
 .debug_info    0x0000000000001fb1      0x2fb /opt/microchip/xc32/v4.60/bin/bin/../../lib/gcc/pic32c/8.3.1/../../../../pic32c/lib/thumb/v7e-m+fp/hard/libg-musl.a(__libc_start_main.o)
 .debug_info    0x00000000000022ac      0x276 /opt/microchip/xc32/v4.60/bin/bin/../../lib/gcc/pic32c/8.3.1/../../../../pic32c/lib/thumb/v7e-m+fp/hard/libg-musl.a(libc.o)
 .debug_info    0x0000000000002522       0x97 /opt/microchip/xc32/v4.60/bin/bin/../../lib/gcc/pic32c/8.3.1/../../../../pic32c/lib/thumb/v7e-m+fp/hard/libg-musl.a(__environ.o)
 .debug_info    0x00000000000025b9       0x3f /opt/microchip/xc32/v4.60/bin/bin/../../lib/gcc/pic32c/8.3.1/../../../../pic32c/lib/thumb/v7e-m+fp/hard/libpic32c.a(pic32_data_init_clear.o)
 .debug_info    0x00000000000025f8       0x40 /opt/microchip/xc32/v4.60/bin/bin/../../lib/gcc/pic32c/8.3.1/../../../../pic32c/lib/thumb/v7e-m+fp/hard/libpic32c.a(pic32_data_init_copy.o)

.debug_abbrev   0x0000000000000000      0x748
 .debug_abbrev  0x0000000000000000      0x221 CMakeFiles/Interrupt_CoolConfig_default_XC32_compile.dir/home/vikingur/Vortex/Embedded/Oppstart/embedded-learning-period/task2/main.c.o
 .debug_abbrev  0x0000000000000221      0x21e /tmp/cczBSlBJ.o
 .debug_abbrev  0x000000000000043f       0x44 /opt/microchip/xc32/v4.60/bin/bin/../../lib/gcc/pic32c/8.3.1/../../../../pic32c/lib/thumb/v7e-m+fp/hard/libpic32c.a(data_init.o)
 .debug_abbrev  0x0000000000000483      0x133 /opt/microchip/xc32/v4.60/bin/bin/../../lib/gcc/pic32c/8.3.1/../../../../pic32c/lib/thumb/v7e-m+fp/hard/libg-musl.a(__libc_start_main.o)
 .debug_abbrev  0x00000000000005b6       0xd4 /opt/microchip/xc32/v4.60/bin/bin/../../lib/gcc/pic32c/8.3.1/../../../../pic32c/lib/thumb/v7e-m+fp/hard/libg-musl.a(libc.o)
 .debug_abbrev  0x000000000000068a       0x62 /opt/microchip/xc32/v4.60/bin/bin/../../lib/gcc/pic32c/8.3.1/../../../../pic32c/lib/thumb/v7e-m+fp/hard/libg-musl.a(__environ.o)
 .debug_abbrev  0x00000000000006ec       0x2e /opt/microchip/xc32/v4.60/bin/bin/../../lib/gcc/pic32c/8.3.1/../../../../pic32c/lib/thumb/v7e-m+fp/hard/libpic32c.a(pic32_data_init_clear.o)
 .debug_abbrev  0x000000000000071a       0x2e /opt/microchip/xc32/v4.60/bin/bin/../../lib/gcc/pic32c/8.3.1/../../../../pic32c/lib/thumb/v7e-m+fp/hard/libpic32c.a(pic32_data_init_copy.o)

.debug_loc      0x0000000000000000      0x461
 .debug_loc     0x0000000000000000      0x3e8 CMakeFiles/Interrupt_CoolConfig_default_XC32_compile.dir/home/vikingur/Vortex/Embedded/Oppstart/embedded-learning-period/task2/main.c.o
 .debug_loc     0x00000000000003e8       0x14 /opt/microchip/xc32/v4.60/bin/bin/../../lib/gcc/pic32c/8.3.1/../../../../pic32c/lib/thumb/v7e-m+fp/hard/libpic32c.a(data_init.o)
 .debug_loc     0x00000000000003fc       0x51 /opt/microchip/xc32/v4.60/bin/bin/../../lib/gcc/pic32c/8.3.1/../../../../pic32c/lib/thumb/v7e-m+fp/hard/libg-musl.a(__libc_start_main.o)
 .debug_loc     0x000000000000044d       0x14 /opt/microchip/xc32/v4.60/bin/bin/../../lib/gcc/pic32c/8.3.1/../../../../pic32c/lib/thumb/v7e-m+fp/hard/libpic32c.a(pic32_data_init_copy.o)

.debug_aranges  0x0000000000000000      0x118
 .debug_aranges
                0x0000000000000000       0x20 CMakeFiles/Interrupt_CoolConfig_default_XC32_compile.dir/home/vikingur/Vortex/Embedded/Oppstart/embedded-learning-period/task2/main.c.o
 .debug_aranges
                0x0000000000000020       0x30 /tmp/cczBSlBJ.o
 .debug_aranges
                0x0000000000000050       0x30 /opt/microchip/xc32/v4.60/bin/bin/../../lib/gcc/pic32c/8.3.1/../../../../pic32c/lib/thumb/v7e-m+fp/hard/libpic32c.a(data_init.o)
 .debug_aranges
                0x0000000000000080       0x28 /opt/microchip/xc32/v4.60/bin/bin/../../lib/gcc/pic32c/8.3.1/../../../../pic32c/lib/thumb/v7e-m+fp/hard/libg-musl.a(__libc_start_main.o)
 .debug_aranges
                0x00000000000000a8       0x18 /opt/microchip/xc32/v4.60/bin/bin/../../lib/gcc/pic32c/8.3.1/../../../../pic32c/lib/thumb/v7e-m+fp/hard/libg-musl.a(libc.o)
 .debug_aranges
                0x00000000000000c0       0x18 /opt/microchip/xc32/v4.60/bin/bin/../../lib/gcc/pic32c/8.3.1/../../../../pic32c/lib/thumb/v7e-m+fp/hard/libg-musl.a(__environ.o)
 .debug_aranges
                0x00000000000000d8       0x20 /opt/microchip/xc32/v4.60/bin/bin/../../lib/gcc/pic32c/8.3.1/../../../../pic32c/lib/thumb/v7e-m+fp/hard/libpic32c.a(pic32_data_init_clear.o)
 .debug_aranges
                0x00000000000000f8       0x20 /opt/microchip/xc32/v4.60/bin/bin/../../lib/gcc/pic32c/8.3.1/../../../../pic32c/lib/thumb/v7e-m+fp/hard/libpic32c.a(pic32_data_init_copy.o)

.debug_line     0x0000000000000000      0xb5a
 .debug_line    0x0000000000000000      0x3c2 CMakeFiles/Interrupt_CoolConfig_default_XC32_compile.dir/home/vikingur/Vortex/Embedded/Oppstart/embedded-learning-period/task2/main.c.o
 .debug_line    0x00000000000003c2      0x28e /tmp/cczBSlBJ.o
 .debug_line    0x0000000000000650       0xa7 /opt/microchip/xc32/v4.60/bin/bin/../../lib/gcc/pic32c/8.3.1/../../../../pic32c/lib/thumb/v7e-m+fp/hard/libpic32c.a(data_init.o)
 .debug_line    0x00000000000006f7      0x1c7 /opt/microchip/xc32/v4.60/bin/bin/../../lib/gcc/pic32c/8.3.1/../../../../pic32c/lib/thumb/v7e-m+fp/hard/libg-musl.a(__libc_start_main.o)
 .debug_line    0x00000000000008be       0xb5 /opt/microchip/xc32/v4.60/bin/bin/../../lib/gcc/pic32c/8.3.1/../../../../pic32c/lib/thumb/v7e-m+fp/hard/libg-musl.a(libc.o)
 .debug_line    0x0000000000000973       0xfb /opt/microchip/xc32/v4.60/bin/bin/../../lib/gcc/pic32c/8.3.1/../../../../pic32c/lib/thumb/v7e-m+fp/hard/libg-musl.a(__environ.o)
 .debug_line    0x0000000000000a6e       0x72 /opt/microchip/xc32/v4.60/bin/bin/../../lib/gcc/pic32c/8.3.1/../../../../pic32c/lib/thumb/v7e-m+fp/hard/libpic32c.a(pic32_data_init_clear.o)
 .debug_line    0x0000000000000ae0       0x7a /opt/microchip/xc32/v4.60/bin/bin/../../lib/gcc/pic32c/8.3.1/../../../../pic32c/lib/thumb/v7e-m+fp/hard/libpic32c.a(pic32_data_init_copy.o)

.debug_str      0x0000000000000000     0x2f86
 .debug_str     0x0000000000000000     0x100f CMakeFiles/Interrupt_CoolConfig_default_XC32_compile.dir/home/vikingur/Vortex/Embedded/Oppstart/embedded-learning-period/task2/main.c.o
 .debug_str     0x000000000000100f     0x1063 /tmp/cczBSlBJ.o
 .debug_str     0x0000000000002072      0x206 /opt/microchip/xc32/v4.60/bin/bin/../../lib/gcc/pic32c/8.3.1/../../../../pic32c/lib/thumb/v7e-m+fp/hard/libpic32c.a(data_init.o)
 .debug_str     0x0000000000002278      0x3d4 /opt/microchip/xc32/v4.60/bin/bin/../../lib/gcc/pic32c/8.3.1/../../../../pic32c/lib/thumb/v7e-m+fp/hard/libg-musl.a(__libc_start_main.o)
 .debug_str     0x000000000000264c      0x33f /opt/microchip/xc32/v4.60/bin/bin/../../lib/gcc/pic32c/8.3.1/../../../../pic32c/lib/thumb/v7e-m+fp/hard/libg-musl.a(libc.o)
 .debug_str     0x000000000000298b      0x23f /opt/microchip/xc32/v4.60/bin/bin/../../lib/gcc/pic32c/8.3.1/../../../../pic32c/lib/thumb/v7e-m+fp/hard/libg-musl.a(__environ.o)
 .debug_str     0x0000000000002bca      0x1df /opt/microchip/xc32/v4.60/bin/bin/../../lib/gcc/pic32c/8.3.1/../../../../pic32c/lib/thumb/v7e-m+fp/hard/libpic32c.a(pic32_data_init_clear.o)
 .debug_str     0x0000000000002da9      0x1dd /opt/microchip/xc32/v4.60/bin/bin/../../lib/gcc/pic32c/8.3.1/../../../../pic32c/lib/thumb/v7e-m+fp/hard/libpic32c.a(pic32_data_init_copy.o)

.debug_frame    0x0000000000000000      0x2f8
 .debug_frame   0x0000000000000000      0x1e8 CMakeFiles/Interrupt_CoolConfig_default_XC32_compile.dir/home/vikingur/Vortex/Embedded/Oppstart/embedded-learning-period/task2/main.c.o
 .debug_frame   0x00000000000001e8       0x40 /tmp/cczBSlBJ.o
 .debug_frame   0x0000000000000228       0x4c /opt/microchip/xc32/v4.60/bin/bin/../../lib/gcc/pic32c/8.3.1/../../../../pic32c/lib/thumb/v7e-m+fp/hard/libpic32c.a(data_init.o)
 .debug_frame   0x0000000000000274       0x3c /opt/microchip/xc32/v4.60/bin/bin/../../lib/gcc/pic32c/8.3.1/../../../../pic32c/lib/thumb/v7e-m+fp/hard/libg-musl.a(__libc_start_main.o)
 .debug_frame   0x00000000000002b0       0x20 /opt/microchip/xc32/v4.60/bin/bin/../../lib/gcc/pic32c/8.3.1/../../../../pic32c/lib/thumb/v7e-m+fp/hard/libpic32c.a(pic32_data_init_clear.o)
 .debug_frame   0x00000000000002d0       0x28 /opt/microchip/xc32/v4.60/bin/bin/../../lib/gcc/pic32c/8.3.1/../../../../pic32c/lib/thumb/v7e-m+fp/hard/libpic32c.a(pic32_data_init_copy.o)

.debug_ranges   0x0000000000000000       0xa0
 .debug_ranges  0x0000000000000000       0x20 /tmp/cczBSlBJ.o
 .debug_ranges  0x0000000000000020       0x20 /opt/microchip/xc32/v4.60/bin/bin/../../lib/gcc/pic32c/8.3.1/../../../../pic32c/lib/thumb/v7e-m+fp/hard/libpic32c.a(data_init.o)
 .debug_ranges  0x0000000000000040       0x40 /opt/microchip/xc32/v4.60/bin/bin/../../lib/gcc/pic32c/8.3.1/../../../../pic32c/lib/thumb/v7e-m+fp/hard/libg-musl.a(__libc_start_main.o)
 .debug_ranges  0x0000000000000080       0x10 /opt/microchip/xc32/v4.60/bin/bin/../../lib/gcc/pic32c/8.3.1/../../../../pic32c/lib/thumb/v7e-m+fp/hard/libpic32c.a(pic32_data_init_clear.o)
 .debug_ranges  0x0000000000000090       0x10 /opt/microchip/xc32/v4.60/bin/bin/../../lib/gcc/pic32c/8.3.1/../../../../pic32c/lib/thumb/v7e-m+fp/hard/libpic32c.a(pic32_data_init_copy.o)

.note.GNU-stack
                0x0000000000000000        0x0
 .note.GNU-stack
                0x0000000000000000        0x0 /opt/microchip/xc32/v4.60/bin/bin/../../lib/gcc/pic32c/8.3.1/../../../../pic32c/lib/thumb/v7e-m+fp/hard/libg-musl.a(__libc_start_main.o)
 .note.GNU-stack
                0x0000000000000000        0x0 /opt/microchip/xc32/v4.60/bin/bin/../../lib/gcc/pic32c/8.3.1/../../../../pic32c/lib/thumb/v7e-m+fp/hard/libg-musl.a(libc.o)
 .note.GNU-stack
                0x0000000000000000        0x0 /opt/microchip/xc32/v4.60/bin/bin/../../lib/gcc/pic32c/8.3.1/../../../../pic32c/lib/thumb/v7e-m+fp/hard/libg-musl.a(__environ.o)

.stack          0x00000000200000b0      0x100
 .stack         0x00000000200000b0      0x100 stack

.bss%1          0x0000000020000000       0x50
 .bss           0x0000000020000000       0x50 /opt/microchip/xc32/v4.60/bin/bin/../../lib/gcc/pic32c/8.3.1/../../../../pic32c/lib/thumb/v7e-m+fp/hard/libg-musl.a(libc.o)
                0x0000000020000000                program_invocation_name
                0x0000000020000000                __progname_full
                0x0000000020000004                __progname
                0x0000000020000004                program_invocation_short_name
                0x0000000020000008                __sysinfo
                0x000000002000000c                __hwcap
                0x0000000020000010                __libc

.bss%2          0x0000000020000050       0x1c
 .bss           0x0000000020000050       0x1c /opt/microchip/xc32/v4.60/bin/bin/../../lib/gcc/pic32c/8.3.1/thumb/v7e-m+fp/hard/crtbegin.o

.bss%3          0x000000002000006c        0x4
 .bss           0x000000002000006c        0x4 /opt/microchip/xc32/v4.60/bin/bin/../../lib/gcc/pic32c/8.3.1/../../../../pic32c/lib/thumb/v7e-m+fp/hard/libpic32c.a(data_init.o)

.bss%4          0x0000000020000070        0x4
 .bss           0x0000000020000070        0x4 /opt/microchip/xc32/v4.60/bin/bin/../../lib/gcc/pic32c/8.3.1/../../../../pic32c/lib/thumb/v7e-m+fp/hard/libg-musl.a(__environ.o)
                0x0000000020000070                _environ
                0x0000000020000070                __environ
                0x0000000020000070                environ
                0x0000000020000070                ___environ

.bss%5          0x0000000020000074        0x1
 .bss           0x0000000020000074        0x1 /tmp/cczBSlBJ.o

.bss%z1         0x0000000000000000        0x0
 .bss           0x0000000000000000        0x0 /opt/microchip/xc32/v4.60/bin/bin/../../lib/gcc/pic32c/8.3.1/../../../../pic32c/lib/thumb/v7e-m+fp/hard/libpic32c.a(pic32_data_init_copy.o)

.bss%z2         0x0000000000000000        0x0
 .bss           0x0000000000000000        0x0 /opt/microchip/xc32/v4.60/bin/bin/../../lib/gcc/pic32c/8.3.1/../../../../pic32c/lib/thumb/v7e-m+fp/hard/libpic32c.a(pic32_data_init_clear.o)

.bss%z3         0x0000000000000000        0x0
 .bss           0x0000000000000000        0x0 /opt/microchip/xc32/v4.60/bin/bin/../../lib/gcc/pic32c/8.3.1/thumb/v7e-m+fp/hard/crtn.o

.bss%z4         0x0000000000000000        0x0
 .bss           0x0000000000000000        0x0 /opt/microchip/xc32/v4.60/bin/bin/../../lib/gcc/pic32c/8.3.1/thumb/v7e-m+fp/hard/crtend.o

.bss%z5         0x0000000000000000        0x0
 .bss           0x0000000000000000        0x0 /opt/microchip/xc32/v4.60/bin/bin/../../lib/gcc/pic32c/8.3.1/../../../../pic32c/lib/thumb/v7e-m+fp/hard/libg-musl.a(__libc_start_main.o)

.bss%z6         0x0000000000000000        0x0
 .bss           0x0000000000000000        0x0 CMakeFiles/Interrupt_CoolConfig_default_XC32_compile.dir/home/vikingur/Vortex/Embedded/Oppstart/embedded-learning-period/task2/main.c.o

.bss%z7         0x0000000000000000        0x0
 .bss           0x0000000000000000        0x0 /opt/microchip/xc32/v4.60/bin/bin/../../lib/gcc/pic32c/8.3.1/thumb/v7e-m+fp/hard/crti.o

.data%6         0x0000000020000078        0x4
 .data          0x0000000020000078        0x4 /opt/microchip/xc32/v4.60/bin/bin/../../lib/gcc/pic32c/8.3.1/thumb/v7e-m+fp/hard/crtbegin.o
                0x0000000020000078                __dso_handle

.eh_frame%7     0x000000002000007c        0x4
 .eh_frame      0x000000002000007c        0x4 /opt/microchip/xc32/v4.60/bin/bin/../../lib/gcc/pic32c/8.3.1/thumb/v7e-m+fp/hard/crtend.o

.data%z8        0x0000000000000000        0x0
 .data          0x0000000000000000        0x0 /opt/microchip/xc32/v4.60/bin/bin/../../lib/gcc/pic32c/8.3.1/../../../../pic32c/lib/thumb/v7e-m+fp/hard/libpic32c.a(pic32_data_init_copy.o)

.data%z9        0x0000000000000000        0x0
 .data          0x0000000000000000        0x0 /opt/microchip/xc32/v4.60/bin/bin/../../lib/gcc/pic32c/8.3.1/../../../../pic32c/lib/thumb/v7e-m+fp/hard/libpic32c.a(pic32_data_init_clear.o)

.data%z10       0x0000000000000000        0x0
 .data          0x0000000000000000        0x0 /opt/microchip/xc32/v4.60/bin/bin/../../lib/gcc/pic32c/8.3.1/thumb/v7e-m+fp/hard/crtn.o

.data%z11       0x0000000000000000        0x0
 .data          0x0000000000000000        0x0 /opt/microchip/xc32/v4.60/bin/bin/../../lib/gcc/pic32c/8.3.1/thumb/v7e-m+fp/hard/crtend.o

.data%z12       0x0000000000000000        0x0
 .data          0x0000000000000000        0x0 /opt/microchip/xc32/v4.60/bin/bin/../../lib/gcc/pic32c/8.3.1/../../../../pic32c/lib/thumb/v7e-m+fp/hard/libg-musl.a(__environ.o)

.data%z13       0x0000000000000000        0x0
 .data          0x0000000000000000        0x0 /opt/microchip/xc32/v4.60/bin/bin/../../lib/gcc/pic32c/8.3.1/../../../../pic32c/lib/thumb/v7e-m+fp/hard/libg-musl.a(libc.o)

.data%z14       0x0000000000000000        0x0
 .data          0x0000000000000000        0x0 /opt/microchip/xc32/v4.60/bin/bin/../../lib/gcc/pic32c/8.3.1/../../../../pic32c/lib/thumb/v7e-m+fp/hard/libg-musl.a(__libc_start_main.o)

.data%z15       0x0000000000000000        0x0
 .data          0x0000000000000000        0x0 /opt/microchip/xc32/v4.60/bin/bin/../../lib/gcc/pic32c/8.3.1/../../../../pic32c/lib/thumb/v7e-m+fp/hard/libpic32c.a(data_init.o)

.data%z16       0x0000000000000000        0x0
 .data          0x0000000000000000        0x0 /tmp/cczBSlBJ.o

.data%z17       0x0000000000000000        0x0
 .data          0x0000000000000000        0x0 CMakeFiles/Interrupt_CoolConfig_default_XC32_compile.dir/home/vikingur/Vortex/Embedded/Oppstart/embedded-learning-period/task2/main.c.o

.eh_frame%z18   0x0000000000000000        0x0
 .eh_frame      0x0000000000000000        0x0 /opt/microchip/xc32/v4.60/bin/bin/../../lib/gcc/pic32c/8.3.1/thumb/v7e-m+fp/hard/crtbegin.o

.data%z19       0x0000000000000000        0x0
 .data          0x0000000000000000        0x0 /opt/microchip/xc32/v4.60/bin/bin/../../lib/gcc/pic32c/8.3.1/thumb/v7e-m+fp/hard/crti.o

.text%8         0x0000000000000280      0x3c0
 .text          0x0000000000000280      0x3c0 CMakeFiles/Interrupt_CoolConfig_default_XC32_compile.dir/home/vikingur/Vortex/Embedded/Oppstart/embedded-learning-period/task2/main.c.o
                0x0000000000000414                GCLK0_init
                0x0000000000000464                GCLK1_init
                0x00000000000004b4                GCLK2_init
                0x0000000000000520                EIC_init
                0x0000000000000594                EIC_EXTINT_15_Handler
                0x00000000000005c0                pin_init
                0x0000000000000600                main

.text.Reset_Handler%9
                0x0000000000000640       0xa0
 .text.Reset_Handler
                0x0000000000000640       0xa0 /tmp/cczBSlBJ.o
                0x0000000000000640                Reset_Handler

.dinit%10       0x00000000000006e0       0x70
 .dinit         0x00000000000006e0       0x70 data_init

.text.__libc_start_init%11
                0x0000000000000750       0x5c
 .text.__libc_start_init
                0x0000000000000750       0x5c /opt/microchip/xc32/v4.60/bin/bin/../../lib/gcc/pic32c/8.3.1/../../../../pic32c/lib/thumb/v7e-m+fp/hard/libg-musl.a(__libc_start_main.o)
                0x0000000000000750                __libc_init_array

.text%12        0x00000000000007ac       0x40
 .text          0x00000000000007ac       0x40 /opt/microchip/xc32/v4.60/bin/bin/../../lib/gcc/pic32c/8.3.1/thumb/v7e-m+fp/hard/crtbegin.o

.text.__pic32c_data_initialization%13
                0x00000000000007ec       0x38
 .text.__pic32c_data_initialization
                0x00000000000007ec       0x38 /opt/microchip/xc32/v4.60/bin/bin/../../lib/gcc/pic32c/8.3.1/../../../../pic32c/lib/thumb/v7e-m+fp/hard/libpic32c.a(data_init.o)
                0x00000000000007ec                __pic32c_data_initialization

.text%14        0x0000000000000824       0x28
 .text          0x0000000000000824       0x28 /tmp/cczBSlBJ.o

.text.__dinit_copy%15
                0x000000000000084c       0x1e
 .text.__dinit_copy
                0x000000000000084c       0x1e /opt/microchip/xc32/v4.60/bin/bin/../../lib/gcc/pic32c/8.3.1/../../../../pic32c/lib/thumb/v7e-m+fp/hard/libpic32c.a(pic32_data_init_copy.o)
                0x000000000000084c                __dinit_copy
                0x000000000000084c                __dinit_copy_needed

.rodata%16      0x000000000000086c       0x14
 .rodata        0x000000000000086c       0x14 /opt/microchip/xc32/v4.60/bin/bin/../../lib/gcc/pic32c/8.3.1/../../../../pic32c/lib/thumb/v7e-m+fp/hard/libpic32c.a(data_init.o)

.text.__dinit_clear%17
                0x0000000000000880       0x12
 .text.__dinit_clear
                0x0000000000000880       0x12 /opt/microchip/xc32/v4.60/bin/bin/../../lib/gcc/pic32c/8.3.1/../../../../pic32c/lib/thumb/v7e-m+fp/hard/libpic32c.a(pic32_data_init_clear.o)
                0x0000000000000880                __dinit_clear_needed
                0x0000000000000880                __dinit_clear

.text.__dummy_decompress%18
                0x0000000000000892        0x4
 .text.__dummy_decompress
                0x0000000000000892        0x4 /opt/microchip/xc32/v4.60/bin/bin/../../lib/gcc/pic32c/8.3.1/../../../../pic32c/lib/thumb/v7e-m+fp/hard/libpic32c.a(data_init.o)
                0x0000000000000892                __dinit_copy_emb
                0x0000000000000892                __dinit_decompress
                0x0000000000000892                __dinit_copy_val_data

.text.Dummy_Handler%19
                0x000000000000086a        0x2
 .text.Dummy_Handler
                0x000000000000086a        0x2 /tmp/cczBSlBJ.o
                0x000000000000086a                EIC_EXTINT_9_Handler
                0x000000000000086a                TCC0_MC5_Handler
                0x000000000000086a                SVCall_Handler
                0x000000000000086a                USB_SOF_HSOF_Handler
                0x000000000000086a                SERCOM0_2_Handler
                0x000000000000086a                TCC4_OTHER_Handler
                0x000000000000086a                TCC2_MC2_Handler
                0x000000000000086a                EVSYS_0_Handler
                0x000000000000086a                TRNG_Handler
                0x000000000000086a                HardFault_Handler
                0x000000000000086a                TC2_Handler
                0x000000000000086a                USB_TRCPT0_Handler
                0x000000000000086a                DAC_OTHER_Handler
                0x000000000000086a                AC_Handler
                0x000000000000086a                DAC_EMPTY_0_Handler
                0x000000000000086a                DMAC_OTHER_Handler
                0x000000000000086a                EIC_EXTINT_5_Handler
                0x000000000000086a                SERCOM3_1_Handler
                0x000000000000086a                SysTick_Handler
                0x000000000000086a                SERCOM4_OTHER_Handler
                0x000000000000086a                SERCOM3_2_Handler
                0x000000000000086a                Reserved72
                0x000000000000086a                EIC_EXTINT_6_Handler
                0x000000000000086a                PendSV_Handler
                0x000000000000086a                Reserved84
                0x000000000000086a                TCC4_MC0_Handler
                0x000000000000086a                EVSYS_3_Handler
                0x000000000000086a                Reserved43
                0x000000000000086a                QSPI_Handler
                0x000000000000086a                NonMaskableInt_Handler
                0x000000000000086a                TCC2_MC0_Handler
                0x000000000000086a                PDEC_OTHER_Handler
                0x000000000000086a                TCC3_MC0_Handler
                0x000000000000086a                PDEC_MC1_Handler
                0x000000000000086a                TCC2_MC1_Handler
                0x000000000000086a                OSCCTRL_XOSC1_Handler
                0x000000000000086a                PDEC_MC0_Handler
                0x000000000000086a                EIC_EXTINT_4_Handler
                0x000000000000086a                EIC_EXTINT_7_Handler
                0x000000000000086a                SERCOM0_OTHER_Handler
                0x000000000000086a                EVSYS_OTHER_Handler
                0x000000000000086a                SERCOM0_0_Handler
                0x000000000000086a                RTC_Handler
                0x000000000000086a                UsageFault_Handler
                0x000000000000086a                SERCOM4_0_Handler
                0x000000000000086a                TCC1_MC0_Handler
                0x000000000000086a                SERCOM1_OTHER_Handler
                0x000000000000086a                TCC2_OTHER_Handler
                0x000000000000086a                EIC_EXTINT_11_Handler
                0x000000000000086a                SUPC_BODDET_Handler
                0x000000000000086a                EIC_EXTINT_14_Handler
                0x000000000000086a                OSC32KCTRL_Handler
                0x000000000000086a                EVSYS_1_Handler
                0x000000000000086a                TCC4_MC1_Handler
                0x000000000000086a                DMAC_0_Handler
                0x000000000000086a                SUPC_OTHER_Handler
                0x000000000000086a                Reserved74
                0x000000000000086a                WDT_Handler
                0x000000000000086a                CAN0_Handler
                0x000000000000086a                EIC_EXTINT_1_Handler
                0x000000000000086a                TCC3_MC1_Handler
                0x000000000000086a                SERCOM5_0_Handler
                0x000000000000086a                TC4_Handler
                0x000000000000086a                TC1_Handler
                0x000000000000086a                TCC1_MC1_Handler
                0x000000000000086a                EIC_EXTINT_0_Handler
                0x000000000000086a                TCC1_OTHER_Handler
                0x000000000000086a                PAC_Handler
                0x000000000000086a                SERCOM4_1_Handler
                0x000000000000086a                TC3_Handler
                0x000000000000086a                Reserved71
                0x000000000000086a                Dummy_Handler
                0x000000000000086a                DAC_RESRDY_0_Handler
                0x000000000000086a                SERCOM5_1_Handler
                0x000000000000086a                Reserved113
                0x000000000000086a                DMAC_2_Handler
                0x000000000000086a                TCC0_MC4_Handler
                0x000000000000086a                USB_TRCPT1_Handler
                0x000000000000086a                SERCOM0_1_Handler
                0x000000000000086a                Reserved73
                0x000000000000086a                Reserved42
                0x000000000000086a                TCC0_MC3_Handler
                0x000000000000086a                EIC_EXTINT_12_Handler
                0x000000000000086a                OSCCTRL_DPLL0_Handler
                0x000000000000086a                Reserved76
                0x000000000000086a                SERCOM5_OTHER_Handler
                0x000000000000086a                PM_Handler
                0x000000000000086a                OSCCTRL_DFLL_Handler
                0x000000000000086a                Reserved114
                0x000000000000086a                DAC_RESRDY_1_Handler
                0x000000000000086a                DMAC_1_Handler
                0x000000000000086a                USB_OTHER_Handler
                0x000000000000086a                CAN1_Handler
                0x000000000000086a                TCC0_OTHER_Handler
                0x000000000000086a                EIC_EXTINT_10_Handler
                0x000000000000086a                TCC1_MC3_Handler
                0x000000000000086a                OSCCTRL_XOSC0_Handler
                0x000000000000086a                TCC0_MC0_Handler
                0x000000000000086a                EIC_EXTINT_2_Handler
                0x000000000000086a                SDHC0_Handler
                0x000000000000086a                SERCOM1_1_Handler
                0x000000000000086a                I2S_Handler
                0x000000000000086a                PCC_Handler
                0x000000000000086a                TCC3_OTHER_Handler
                0x000000000000086a                EIC_EXTINT_13_Handler
                0x000000000000086a                SERCOM1_0_Handler
                0x000000000000086a                Reserved70
                0x000000000000086a                PUKCC_Handler
                0x000000000000086a                SERCOM2_1_Handler
                0x000000000000086a                SERCOM1_2_Handler
                0x000000000000086a                SERCOM3_0_Handler
                0x000000000000086a                SERCOM4_2_Handler
                0x000000000000086a                TCC1_MC2_Handler
                0x000000000000086a                ADC1_RESRDY_Handler
                0x000000000000086a                NVMCTRL_1_Handler
                0x000000000000086a                SERCOM5_2_Handler
                0x000000000000086a                SERCOM2_2_Handler
                0x000000000000086a                DAC_EMPTY_1_Handler
                0x000000000000086a                ADC1_OTHER_Handler
                0x000000000000086a                Reserved44
                0x000000000000086a                EIC_EXTINT_3_Handler
                0x000000000000086a                OSCCTRL_DPLL1_Handler
                0x000000000000086a                SERCOM3_OTHER_Handler
                0x000000000000086a                Reserved77
                0x000000000000086a                EIC_EXTINT_8_Handler
                0x000000000000086a                NVMCTRL_0_Handler
                0x000000000000086a                ADC0_RESRDY_Handler
                0x000000000000086a                ADC0_OTHER_Handler
                0x000000000000086a                MCLK_Handler
                0x000000000000086a                EVSYS_2_Handler
                0x000000000000086a                SERCOM2_OTHER_Handler
                0x000000000000086a                BusFault_Handler
                0x000000000000086a                FREQM_Handler
                0x000000000000086a                TC0_Handler
                0x000000000000086a                MemoryManagement_Handler
                0x000000000000086a                TCC0_MC1_Handler
                0x000000000000086a                DMAC_3_Handler
                0x000000000000086a                DebugMonitor_Handler
                0x000000000000086a                RAMECC_Handler
                0x000000000000086a                TC5_Handler
                0x000000000000086a                SERCOM2_0_Handler
                0x000000000000086a                ICM_Handler
                0x000000000000086a                AES_Handler
                0x000000000000086a                TCC0_MC2_Handler
                0x000000000000086a                Reserved75

.text.__dummy_init_tls%20
                0x0000000000000896        0x2
 .text.__dummy_init_tls
                0x0000000000000896        0x2 /opt/microchip/xc32/v4.60/bin/bin/../../lib/gcc/pic32c/8.3.1/../../../../pic32c/lib/thumb/v7e-m+fp/hard/libpic32c.a(data_init.o)
                0x0000000000000896                xc32_init_tls

.text.__dummy%21
                0x0000000000000898        0x2
 .text.__dummy  0x0000000000000898        0x2 /opt/microchip/xc32/v4.60/bin/bin/../../lib/gcc/pic32c/8.3.1/../../../../pic32c/lib/thumb/v7e-m+fp/hard/libg-musl.a(__libc_start_main.o)
                0x0000000000000898                __init_host
                0x0000000000000898                __init_stdio

.text%z20       0x0000000000000000        0x0
 .text          0x0000000000000000        0x0 /opt/microchip/xc32/v4.60/bin/bin/../../lib/gcc/pic32c/8.3.1/../../../../pic32c/lib/thumb/v7e-m+fp/hard/libpic32c.a(pic32_data_init_copy.o)

.text%z21       0x0000000000000000        0x0
 .text          0x0000000000000000        0x0 /opt/microchip/xc32/v4.60/bin/bin/../../lib/gcc/pic32c/8.3.1/../../../../pic32c/lib/thumb/v7e-m+fp/hard/libpic32c.a(pic32_data_init_clear.o)

.text%z22       0x0000000000000000        0x0
 .text          0x0000000000000000        0x0 /opt/microchip/xc32/v4.60/bin/bin/../../lib/gcc/pic32c/8.3.1/thumb/v7e-m+fp/hard/crtn.o

.text%z23       0x0000000000000000        0x0
 .text          0x0000000000000000        0x0 /opt/microchip/xc32/v4.60/bin/bin/../../lib/gcc/pic32c/8.3.1/thumb/v7e-m+fp/hard/crtend.o

.text%z24       0x0000000000000000        0x0
 .text          0x0000000000000000        0x0 /opt/microchip/xc32/v4.60/bin/bin/../../lib/gcc/pic32c/8.3.1/../../../../pic32c/lib/thumb/v7e-m+fp/hard/libg-musl.a(__environ.o)

.text%z25       0x0000000000000000        0x0
 .text          0x0000000000000000        0x0 /opt/microchip/xc32/v4.60/bin/bin/../../lib/gcc/pic32c/8.3.1/../../../../pic32c/lib/thumb/v7e-m+fp/hard/libg-musl.a(libc.o)

.text%z26       0x0000000000000000        0x0
 .text          0x0000000000000000        0x0 /opt/microchip/xc32/v4.60/bin/bin/../../lib/gcc/pic32c/8.3.1/../../../../pic32c/lib/thumb/v7e-m+fp/hard/libg-musl.a(__libc_start_main.o)

.text%z27       0x0000000000000000        0x0
 .text          0x0000000000000000        0x0 /opt/microchip/xc32/v4.60/bin/bin/../../lib/gcc/pic32c/8.3.1/../../../../pic32c/lib/thumb/v7e-m+fp/hard/libpic32c.a(data_init.o)

.text%z28       0x0000000000000000        0x0
 .text          0x0000000000000000        0x0 /opt/microchip/xc32/v4.60/bin/bin/../../lib/gcc/pic32c/8.3.1/thumb/v7e-m+fp/hard/crti.o
