Archive member included to satisfy reference by file (symbol)

/Applications/microchip/xc8/v3.10/avr/bin/../lib/gcc/avr/5.4.0/avrxmega4/libgcc.a(_copy_data.o)
                              CMakeFiles/My_Project_default_default_XC8_compile.dir/Users/rikke/Vortex/embedded-learning-period/task1/My_Project/main.c.o (__do_copy_data)
/Applications/microchip/xc8/v3.10/avr/bin/../lib/gcc/avr/5.4.0/../../../../avr/lib/avrxmega4/libc.a(exit.o)
                              /Users/rikke/.mchp_packs/Microchip/AVR-Dx_DFP/2.7.321/xc8/avr/lib/avrxmega4/crtavr128da48.o (exit)
/Applications/microchip/xc8/v3.10/avr/bin/../lib/gcc/avr/5.4.0/../../../../avr/lib/avrxmega4/libc.a(_Exit.o)
                              /Applications/microchip/xc8/v3.10/avr/bin/../lib/gcc/avr/5.4.0/../../../../avr/lib/avrxmega4/libc.a(exit.o) (_Exit)
/Applications/microchip/xc8/v3.10/avr/bin/../lib/gcc/avr/5.4.0/avrxmega4/libgcc.a(_exit.o)
                              /Applications/microchip/xc8/v3.10/avr/bin/../lib/gcc/avr/5.4.0/../../../../avr/lib/avrxmega4/libc.a(_Exit.o) (_exit)

Discarded input sections

 .data          0x0000000000000000        0x0 /Users/rikke/.mchp_packs/Microchip/AVR-Dx_DFP/2.7.321/xc8/avr/lib/avrxmega4/crtavr128da48.o
 .bss           0x0000000000000000        0x0 /Users/rikke/.mchp_packs/Microchip/AVR-Dx_DFP/2.7.321/xc8/avr/lib/avrxmega4/crtavr128da48.o
 .text          0x0000000000000000        0x0 CMakeFiles/My_Project_default_default_XC8_compile.dir/Users/rikke/Vortex/embedded-learning-period/task1/My_Project/main.c.o
 .data          0x0000000000000000        0x0 CMakeFiles/My_Project_default_default_XC8_compile.dir/Users/rikke/Vortex/embedded-learning-period/task1/My_Project/main.c.o
 .bss           0x0000000000000000        0x0 CMakeFiles/My_Project_default_default_XC8_compile.dir/Users/rikke/Vortex/embedded-learning-period/task1/My_Project/main.c.o
 .text          0x0000000000000000        0x0 /Applications/microchip/xc8/v3.10/avr/bin/../lib/gcc/avr/5.4.0/avrxmega4/libgcc.a(_copy_data.o)
 .data          0x0000000000000000        0x0 /Applications/microchip/xc8/v3.10/avr/bin/../lib/gcc/avr/5.4.0/avrxmega4/libgcc.a(_copy_data.o)
 .bss           0x0000000000000000        0x0 /Applications/microchip/xc8/v3.10/avr/bin/../lib/gcc/avr/5.4.0/avrxmega4/libgcc.a(_copy_data.o)
 .text.libgcc.mul
                0x0000000000000000        0x0 /Applications/microchip/xc8/v3.10/avr/bin/../lib/gcc/avr/5.4.0/avrxmega4/libgcc.a(_copy_data.o)
 .text.libgcc.div
                0x0000000000000000        0x0 /Applications/microchip/xc8/v3.10/avr/bin/../lib/gcc/avr/5.4.0/avrxmega4/libgcc.a(_copy_data.o)
 .text.libgcc   0x0000000000000000        0x0 /Applications/microchip/xc8/v3.10/avr/bin/../lib/gcc/avr/5.4.0/avrxmega4/libgcc.a(_copy_data.o)
 .text.libgcc.prologue
                0x0000000000000000        0x0 /Applications/microchip/xc8/v3.10/avr/bin/../lib/gcc/avr/5.4.0/avrxmega4/libgcc.a(_copy_data.o)
 .text.libgcc.builtins
                0x0000000000000000        0x0 /Applications/microchip/xc8/v3.10/avr/bin/../lib/gcc/avr/5.4.0/avrxmega4/libgcc.a(_copy_data.o)
 .text.libgcc.fmul
                0x0000000000000000        0x0 /Applications/microchip/xc8/v3.10/avr/bin/../lib/gcc/avr/5.4.0/avrxmega4/libgcc.a(_copy_data.o)
 .text.libgcc.fixed
                0x0000000000000000        0x0 /Applications/microchip/xc8/v3.10/avr/bin/../lib/gcc/avr/5.4.0/avrxmega4/libgcc.a(_copy_data.o)
 .text          0x0000000000000000        0x0 /Applications/microchip/xc8/v3.10/avr/bin/../lib/gcc/avr/5.4.0/../../../../avr/lib/avrxmega4/libc.a(exit.o)
 .data          0x0000000000000000        0x0 /Applications/microchip/xc8/v3.10/avr/bin/../lib/gcc/avr/5.4.0/../../../../avr/lib/avrxmega4/libc.a(exit.o)
 .bss           0x0000000000000000        0x0 /Applications/microchip/xc8/v3.10/avr/bin/../lib/gcc/avr/5.4.0/../../../../avr/lib/avrxmega4/libc.a(exit.o)
 .stack.descriptors
                0x0000000000000000       0x73 /Applications/microchip/xc8/v3.10/avr/bin/../lib/gcc/avr/5.4.0/../../../../avr/lib/avrxmega4/libc.a(exit.o)
 .text          0x0000000000000000        0x0 /Applications/microchip/xc8/v3.10/avr/bin/../lib/gcc/avr/5.4.0/../../../../avr/lib/avrxmega4/libc.a(_Exit.o)
 .data          0x0000000000000000        0x0 /Applications/microchip/xc8/v3.10/avr/bin/../lib/gcc/avr/5.4.0/../../../../avr/lib/avrxmega4/libc.a(_Exit.o)
 .bss           0x0000000000000000        0x0 /Applications/microchip/xc8/v3.10/avr/bin/../lib/gcc/avr/5.4.0/../../../../avr/lib/avrxmega4/libc.a(_Exit.o)
 .stack.descriptors
                0x0000000000000000       0x13 /Applications/microchip/xc8/v3.10/avr/bin/../lib/gcc/avr/5.4.0/../../../../avr/lib/avrxmega4/libc.a(_Exit.o)
 .text          0x0000000000000000        0x0 /Applications/microchip/xc8/v3.10/avr/bin/../lib/gcc/avr/5.4.0/avrxmega4/libgcc.a(_exit.o)
 .data          0x0000000000000000        0x0 /Applications/microchip/xc8/v3.10/avr/bin/../lib/gcc/avr/5.4.0/avrxmega4/libgcc.a(_exit.o)
 .bss           0x0000000000000000        0x0 /Applications/microchip/xc8/v3.10/avr/bin/../lib/gcc/avr/5.4.0/avrxmega4/libgcc.a(_exit.o)
 .text.libgcc.mul
                0x0000000000000000        0x0 /Applications/microchip/xc8/v3.10/avr/bin/../lib/gcc/avr/5.4.0/avrxmega4/libgcc.a(_exit.o)
 .text.libgcc.div
                0x0000000000000000        0x0 /Applications/microchip/xc8/v3.10/avr/bin/../lib/gcc/avr/5.4.0/avrxmega4/libgcc.a(_exit.o)
 .text.libgcc   0x0000000000000000        0x0 /Applications/microchip/xc8/v3.10/avr/bin/../lib/gcc/avr/5.4.0/avrxmega4/libgcc.a(_exit.o)
 .text.libgcc.prologue
                0x0000000000000000        0x0 /Applications/microchip/xc8/v3.10/avr/bin/../lib/gcc/avr/5.4.0/avrxmega4/libgcc.a(_exit.o)
 .stack.descriptors
                0x0000000000000000       0x13 /Applications/microchip/xc8/v3.10/avr/bin/../lib/gcc/avr/5.4.0/avrxmega4/libgcc.a(_exit.o)
 .text.libgcc.builtins
                0x0000000000000000        0x0 /Applications/microchip/xc8/v3.10/avr/bin/../lib/gcc/avr/5.4.0/avrxmega4/libgcc.a(_exit.o)
 .text.libgcc.fmul
                0x0000000000000000        0x0 /Applications/microchip/xc8/v3.10/avr/bin/../lib/gcc/avr/5.4.0/avrxmega4/libgcc.a(_exit.o)
 .text.libgcc.fixed
                0x0000000000000000        0x0 /Applications/microchip/xc8/v3.10/avr/bin/../lib/gcc/avr/5.4.0/avrxmega4/libgcc.a(_exit.o)

Memory Configuration

Name             Origin             Length             Attributes
text             0x0000000000000000 0x0000000000020000 xr
data             0x0000000000804000 0x0000000000004000 rw !x
eeprom           0x0000000000810000 0x0000000000000200 rw !x
fuse             0x0000000000820000 0x0000000000000010 rw !x
lock             0x0000000000830000 0x0000000000000400 rw !x
signature        0x0000000000840000 0x0000000000000400 rw !x
user_signatures  0x0000000000850000 0x0000000000000400 rw !x
bootrow          0x0000000000860000 0x0000000000000400 rw !x
*default*        0x0000000000000000 0xffffffffffffffff

Linker script and memory map

Address of section .data set to 0x804000
                0x0000000000008000                __RODATA_PM_OFFSET__ = 0x8000
LOAD /Users/rikke/.mchp_packs/Microchip/AVR-Dx_DFP/2.7.321/xc8/avr/lib/avrxmega4/crtavr128da48.o
                0x0000000000000001                __MPLAB_BUILD = 0x1
                0x0000000000000001                __MPLAB_DEBUG = 0x1
                0x0000000000000001                __DEBUG = 0x1
LOAD CMakeFiles/My_Project_default_default_XC8_compile.dir/Users/rikke/Vortex/embedded-learning-period/task1/My_Project/main.c.o
START GROUP
LOAD /Applications/microchip/xc8/v3.10/avr/bin/../lib/gcc/avr/5.4.0/avrxmega4/libgcc.a
LOAD /Applications/microchip/xc8/v3.10/avr/bin/../lib/gcc/avr/5.4.0/../../../../avr/lib/avrxmega4/libm.a
LOAD /Applications/microchip/xc8/v3.10/avr/bin/../lib/gcc/avr/5.4.0/../../../../avr/lib/avrxmega4/libc.a
LOAD /Users/rikke/.mchp_packs/Microchip/AVR-Dx_DFP/2.7.321/xc8/avr/lib/avrxmega4/libavr128da48.a
END GROUP
                [0x0000000000000000]                __TEXT_REGION_ORIGIN__ = DEFINED (__TEXT_REGION_ORIGIN__)?__TEXT_REGION_ORIGIN__:0x0
                [0x0000000000804000]                __DATA_REGION_ORIGIN__ = DEFINED (__DATA_REGION_ORIGIN__)?__DATA_REGION_ORIGIN__:0x802000
                [0x0000000000020000]                __TEXT_REGION_LENGTH__ = DEFINED (__TEXT_REGION_LENGTH__)?__TEXT_REGION_LENGTH__:0x100000
                [0x0000000000004000]                __DATA_REGION_LENGTH__ = DEFINED (__DATA_REGION_LENGTH__)?__DATA_REGION_LENGTH__:0xffa0
                [0x0000000000000200]                __EEPROM_REGION_LENGTH__ = DEFINED (__EEPROM_REGION_LENGTH__)?__EEPROM_REGION_LENGTH__:0x10000
                [0x0000000000000010]                __FUSE_REGION_LENGTH__ = DEFINED (__FUSE_REGION_LENGTH__)?__FUSE_REGION_LENGTH__:0x400
                0x0000000000000400                __LOCK_REGION_LENGTH__ = DEFINED (__LOCK_REGION_LENGTH__)?__LOCK_REGION_LENGTH__:0x400
                0x0000000000000400                __SIGNATURE_REGION_LENGTH__ = DEFINED (__SIGNATURE_REGION_LENGTH__)?__SIGNATURE_REGION_LENGTH__:0x400
                0x0000000000000400                __USER_SIGNATURE_REGION_LENGTH__ = DEFINED (__USER_SIGNATURE_REGION_LENGTH__)?__USER_SIGNATURE_REGION_LENGTH__:0x400
                0x0000000000000400                __BOOTROW_REGION_LENGTH__ = DEFINED (__BOOTROW_REGION_LENGTH__)?__BOOTROW_REGION_LENGTH__:0x400

.hash
 *(.hash)

.dynsym
 *(.dynsym)

.dynstr
 *(.dynstr)

.gnu.version
 *(.gnu.version)

.gnu.version_d
 *(.gnu.version_d)

.gnu.version_r
 *(.gnu.version_r)

.rel.init
 *(.rel.init)

.rela.init
 *(.rela.init)

.rel.text
 *(.rel.text)
 *(.rel.text.*)
 *(.rel.gnu.linkonce.t*)

.rela.text
 *(.rela.text)
 *(.rela.text.*)
 *(.rela.gnu.linkonce.t*)

.rel.fini
 *(.rel.fini)

.rela.fini
 *(.rela.fini)

.rel.rodata
 *(.rel.rodata)
 *(.rel.rodata.*)
 *(.rel.gnu.linkonce.r*)

.rela.rodata
 *(.rela.rodata)
 *(.rela.rodata.*)
 *(.rela.gnu.linkonce.r*)

.rel.data
 *(.rel.data)
 *(.rel.data.*)
 *(.rel.gnu.linkonce.d*)

.rela.data
 *(.rela.data)
 *(.rela.data.*)
 *(.rela.gnu.linkonce.d*)

.rel.ctors
 *(.rel.ctors)

.rela.ctors
 *(.rela.ctors)

.rel.dtors
 *(.rel.dtors)

.rela.dtors
 *(.rela.dtors)

.rel.got
 *(.rel.got)

.rela.got
 *(.rela.got)

.rel.bss
 *(.rel.bss)

.rela.bss
 *(.rela.bss)

.rel.plt
 *(.rel.plt)

.rela.plt
 *(.rela.plt)

.text           0x0000000000000000      0x148
 *(.vectors)
 .vectors       0x0000000000000000       0xe8 /Users/rikke/.mchp_packs/Microchip/AVR-Dx_DFP/2.7.321/xc8/avr/lib/avrxmega4/crtavr128da48.o
                0x0000000000000000                __vectors
                0x0000000000000000                __vector_default
 *(.vectors)
 *(.progmem.gcc*)
 *(.dinit)
 .dinit         0x00000000000000e8        0x7 data_init
                0x00000000000000f0                . = ALIGN (0x2)
 *fill*         0x00000000000000ef        0x1 
                0x00000000000000f0                __trampolines_start = .
 *(.trampolines)
 .trampolines   0x00000000000000f0        0x0 linker stubs
 *(.trampolines*)
                0x00000000000000f0                __trampolines_end = .
 *libprintf_flt.a:*(.progmem.data)
 *libc.a:*(.progmem.data)
                0x00000000000000f0                . = ALIGN (0x2)
 *(.jumptables)
 *(.jumptables*)
 *(.lowtext)
 *(.lowtext*)
                0x00000000000000f0                __ctors_start = .
 *(.ctors)
                0x00000000000000f0                __ctors_end = .
                0x00000000000000f0                __dtors_start = .
 *(.dtors)
                0x00000000000000f0                __dtors_end = .
 SORT(*)(.ctors)
 SORT(*)(.dtors)
 *(.init0)
 .init0         0x00000000000000f0        0x0 /Users/rikke/.mchp_packs/Microchip/AVR-Dx_DFP/2.7.321/xc8/avr/lib/avrxmega4/crtavr128da48.o
                0x00000000000000f0                __init
 *(.init0)
 *(.init1)
 *(.init1)
 *(.init2)
 .init2         0x00000000000000f0        0xc /Users/rikke/.mchp_packs/Microchip/AVR-Dx_DFP/2.7.321/xc8/avr/lib/avrxmega4/crtavr128da48.o
 *(.init2)
 *(.init3)
 *(.init3)
 *(.init4)
 .init4         0x00000000000000fc       0x40 /Applications/microchip/xc8/v3.10/avr/bin/../lib/gcc/avr/5.4.0/avrxmega4/libgcc.a(_copy_data.o)
                0x00000000000000fc                __do_copy_data
                0x000000000000012e                __do_clear_bss
 *(.init4)
 *(.init5)
 *(.init5)
 *(.init6)
 *(.init6)
 *(.init7)
 *(.init7)
 *(.init8)
 *(.init8)
 *(.init9)
 .init9         0x000000000000013c        0x8 /Users/rikke/.mchp_packs/Microchip/AVR-Dx_DFP/2.7.321/xc8/avr/lib/avrxmega4/crtavr128da48.o
 *(.init9)
                0x0000000000000144                . = ALIGN (0x2)
 *(.fini9)
 .fini9         0x0000000000000144        0x0 /Applications/microchip/xc8/v3.10/avr/bin/../lib/gcc/avr/5.4.0/avrxmega4/libgcc.a(_exit.o)
                0x0000000000000144                _exit
 *(.fini9)
 *(.fini8)
 *(.fini8)
 *(.fini7)
 *(.fini7)
 *(.fini6)
 *(.fini6)
 *(.fini5)
 *(.fini5)
 *(.fini4)
 *(.fini4)
 *(.fini3)
 *(.fini3)
 *(.fini2)
 *(.fini2)
 *(.fini1)
 *(.fini1)
 *(.fini0)
 .fini0         0x0000000000000144        0x4 /Applications/microchip/xc8/v3.10/avr/bin/../lib/gcc/avr/5.4.0/avrxmega4/libgcc.a(_exit.o)
 *(.fini0)
                0x0000000000000148                _etext = .

.data           0x0000000000804000        0x0 load address 0x0000000000000148
                [!provide]                        PROVIDE (__data_start, .)
 *(.gnu.linkonce.d*)
 *(.gnu.linkonce.r*)
                0x0000000000804000                . = ALIGN (0x2)
                0x0000000000804000                _edata = .
                [!provide]                        PROVIDE (__data_end, .)

.bss            0x0000000000804000        0x0
                [!provide]                        PROVIDE (__bss_start, .)
 *(COMMON)
                [!provide]                        PROVIDE (__bss_end, .)
                0x0000000000000148                __data_load_start = LOADADDR (.data)
                0x0000000000000148                __data_load_end = (__data_load_start + SIZEOF (.data))

.noinit         0x0000000000804000        0x0
                [!provide]                        PROVIDE (__noinit_start, .)
 *(.noinit*)
                [!provide]                        PROVIDE (__noinit_end, .)
                0x0000000000804000                _end = .

.eeprom         0x0000000000810000        0x0
 *(.eeprom*)
                0x0000000000810000                __eeprom_end = .

.fuse
 *(.fuse)
 *(.lfuse)
 *(.hfuse)
 *(.efuse)

.lock
 *(.lock*)

.signature
 *(.signature*)

.user_signatures
 *(.user_signatures*)

.bootrow
 *(.bootrow*)

.stab
 *(.stab)

.stabstr
 *(.stabstr)

.stab.excl
 *(.stab.excl)

.stab.exclstr
 *(.stab.exclstr)

.stab.index
 *(.stab.index)

.stab.indexstr
 *(.stab.indexstr)

.comment        0x0000000000000000       0x5b
 *(.comment)
 .comment       0x0000000000000000       0x2f CMakeFiles/My_Project_default_default_XC8_compile.dir/Users/rikke/Vortex/embedded-learning-period/task1/My_Project/main.c.o
                                         0x30 (size before relaxing)
 .comment       0x000000000000002f       0x2c /Applications/microchip/xc8/v3.10/avr/bin/../lib/gcc/avr/5.4.0/../../../../avr/lib/avrxmega4/libc.a(exit.o)
                                         0x2d (size before relaxing)
 .comment       0x000000000000005b       0x2d /Applications/microchip/xc8/v3.10/avr/bin/../lib/gcc/avr/5.4.0/../../../../avr/lib/avrxmega4/libc.a(_Exit.o)

.stack.descriptors.hdr
                0x0000000000000000       0x2a
 .stack.descriptors.hdr
                0x0000000000000000        0xe /Applications/microchip/xc8/v3.10/avr/bin/../lib/gcc/avr/5.4.0/../../../../avr/lib/avrxmega4/libc.a(exit.o)
 .stack.descriptors.hdr
                0x000000000000000e        0xe /Applications/microchip/xc8/v3.10/avr/bin/../lib/gcc/avr/5.4.0/../../../../avr/lib/avrxmega4/libc.a(_Exit.o)
 .stack.descriptors.hdr
                0x000000000000001c        0xe /Applications/microchip/xc8/v3.10/avr/bin/../lib/gcc/avr/5.4.0/avrxmega4/libgcc.a(_exit.o)

.note.GNU-stack
                0x0000000000000000        0x0
 .note.GNU-stack
                0x0000000000000000        0x0 /Applications/microchip/xc8/v3.10/avr/bin/../lib/gcc/avr/5.4.0/../../../../avr/lib/avrxmega4/libc.a(exit.o)
 .note.GNU-stack
                0x0000000000000000        0x0 /Applications/microchip/xc8/v3.10/avr/bin/../lib/gcc/avr/5.4.0/../../../../avr/lib/avrxmega4/libc.a(_Exit.o)

.note.gnu.build-id
 *(.note.gnu.build-id)

.debug
 *(.debug)

.line
 *(.line)

.debug_srcinfo
 *(.debug_srcinfo)

.debug_sfnames
 *(.debug_sfnames)

.debug_aranges  0x0000000000000000       0x68
 *(.debug_aranges)
 .debug_aranges
                0x0000000000000000       0x68 CMakeFiles/My_Project_default_default_XC8_compile.dir/Users/rikke/Vortex/embedded-learning-period/task1/My_Project/main.c.o

.debug_pubnames
 *(.debug_pubnames)

.debug_info     0x0000000000000000     0x3a50
 *(.debug_info .gnu.linkonce.wi.*)
 .debug_info    0x0000000000000000     0x3227 /Users/rikke/.mchp_packs/Microchip/AVR-Dx_DFP/2.7.321/xc8/avr/lib/avrxmega4/crtavr128da48.o
 .debug_info    0x0000000000003227      0x829 CMakeFiles/My_Project_default_default_XC8_compile.dir/Users/rikke/Vortex/embedded-learning-period/task1/My_Project/main.c.o

.debug_abbrev   0x0000000000000000     0x3118
 *(.debug_abbrev)
 .debug_abbrev  0x0000000000000000     0x2f80 /Users/rikke/.mchp_packs/Microchip/AVR-Dx_DFP/2.7.321/xc8/avr/lib/avrxmega4/crtavr128da48.o
 .debug_abbrev  0x0000000000002f80      0x198 CMakeFiles/My_Project_default_default_XC8_compile.dir/Users/rikke/Vortex/embedded-learning-period/task1/My_Project/main.c.o

.debug_line     0x0000000000000000      0x4af
 *(.debug_line .debug_line.* .debug_line_end)
 .debug_line    0x0000000000000000      0x1f3 /Users/rikke/.mchp_packs/Microchip/AVR-Dx_DFP/2.7.321/xc8/avr/lib/avrxmega4/crtavr128da48.o
 .debug_line    0x00000000000001f3      0x2bc CMakeFiles/My_Project_default_default_XC8_compile.dir/Users/rikke/Vortex/embedded-learning-period/task1/My_Project/main.c.o

.debug_frame    0x0000000000000000      0x120
 *(.debug_frame)
 .debug_frame   0x0000000000000000      0x120 CMakeFiles/My_Project_default_default_XC8_compile.dir/Users/rikke/Vortex/embedded-learning-period/task1/My_Project/main.c.o

.debug_str      0x0000000000000000     0x154a
 *(.debug_str)
 .debug_str     0x0000000000000000     0x153f /Users/rikke/.mchp_packs/Microchip/AVR-Dx_DFP/2.7.321/xc8/avr/lib/avrxmega4/crtavr128da48.o
 .debug_str     0x000000000000153f        0xb CMakeFiles/My_Project_default_default_XC8_compile.dir/Users/rikke/Vortex/embedded-learning-period/task1/My_Project/main.c.o

.debug_loc      0x0000000000000000       0x9e
 *(.debug_loc)
 .debug_loc     0x0000000000000000       0x9e CMakeFiles/My_Project_default_default_XC8_compile.dir/Users/rikke/Vortex/embedded-learning-period/task1/My_Project/main.c.o

.debug_macinfo
 *(.debug_macinfo)

.debug_weaknames
 *(.debug_weaknames)

.debug_funcnames
 *(.debug_funcnames)

.debug_typenames
 *(.debug_typenames)

.debug_varnames
 *(.debug_varnames)

.debug_pubtypes
 *(.debug_pubtypes)

.debug_ranges   0x0000000000000000       0x58
 *(.debug_ranges)
 .debug_ranges  0x0000000000000000       0x58 CMakeFiles/My_Project_default_default_XC8_compile.dir/Users/rikke/Vortex/embedded-learning-period/task1/My_Project/main.c.o

.debug_macro
 *(.debug_macro)
OUTPUT(/Users/rikke/Vortex/embedded-learning-period/task1/My_Project/out/My_Project/default.elf elf32-avr)
LOAD linker stubs
LOAD data_init

.note.gnu.avr.deviceinfo
                0x0000000000000000       0x40
 .note.gnu.avr.deviceinfo
                0x0000000000000000       0x40 /Users/rikke/.mchp_packs/Microchip/AVR-Dx_DFP/2.7.321/xc8/avr/lib/avrxmega4/crtavr128da48.o

.text.__vector_31
                0x0000000000000148       0x94
 .text.__vector_31
                0x0000000000000148       0x94 CMakeFiles/My_Project_default_default_XC8_compile.dir/Users/rikke/Vortex/embedded-learning-period/task1/My_Project/main.c.o
                0x0000000000000148                __vector_31

.text.usart1_send_string
                0x00000000000001dc       0x44
 .text.usart1_send_string
                0x00000000000001dc       0x44 CMakeFiles/My_Project_default_default_XC8_compile.dir/Users/rikke/Vortex/embedded-learning-period/task1/My_Project/main.c.o
                0x00000000000001dc                usart1_send_string

.text.usart1_init
                0x0000000000000220       0x30
 .text.usart1_init
                0x0000000000000220       0x30 CMakeFiles/My_Project_default_default_XC8_compile.dir/Users/rikke/Vortex/embedded-learning-period/task1/My_Project/main.c.o
                0x0000000000000220                usart1_init

.text.exit      0x0000000000000250       0x16
 .text.exit     0x0000000000000250       0x16 /Applications/microchip/xc8/v3.10/avr/bin/../lib/gcc/avr/5.4.0/../../../../avr/lib/avrxmega4/libc.a(exit.o)
                0x0000000000000250                exit

.text.main      0x0000000000000266       0x14
 .text.main     0x0000000000000266       0x14 CMakeFiles/My_Project_default_default_XC8_compile.dir/Users/rikke/Vortex/embedded-learning-period/task1/My_Project/main.c.o
                0x0000000000000266                main

.text.pin_init  0x000000000000027a       0x12
 .text.pin_init
                0x000000000000027a       0x12 CMakeFiles/My_Project_default_default_XC8_compile.dir/Users/rikke/Vortex/embedded-learning-period/task1/My_Project/main.c.o
                0x000000000000027a                pin_init

.text.usart1_send_char
                0x000000000000028c       0x10
 .text.usart1_send_char
                0x000000000000028c       0x10 CMakeFiles/My_Project_default_default_XC8_compile.dir/Users/rikke/Vortex/embedded-learning-period/task1/My_Project/main.c.o
                0x000000000000028c                usart1_send_char

.text.usart1_read_char
                0x000000000000029c       0x10
 .text.usart1_read_char
                0x000000000000029c       0x10 CMakeFiles/My_Project_default_default_XC8_compile.dir/Users/rikke/Vortex/embedded-learning-period/task1/My_Project/main.c.o
                0x000000000000029c                usart1_read_char

.text.led_enable
                0x00000000000002ac        0xc
 .text.led_enable
                0x00000000000002ac        0xc CMakeFiles/My_Project_default_default_XC8_compile.dir/Users/rikke/Vortex/embedded-learning-period/task1/My_Project/main.c.o
                0x00000000000002ac                led_enable

.text.led_disable
                0x00000000000002b8        0xc
 .text.led_disable
                0x00000000000002b8        0xc CMakeFiles/My_Project_default_default_XC8_compile.dir/Users/rikke/Vortex/embedded-learning-period/task1/My_Project/main.c.o
                0x00000000000002b8                led_disable

.text.__vector_29
                0x00000000000002c4        0xc
 .text.__vector_29
                0x00000000000002c4        0xc CMakeFiles/My_Project_default_default_XC8_compile.dir/Users/rikke/Vortex/embedded-learning-period/task1/My_Project/main.c.o
                0x00000000000002c4                __vector_29

.text           0x00000000000002d0        0x4
 .text          0x00000000000002d0        0x4 /Users/rikke/.mchp_packs/Microchip/AVR-Dx_DFP/2.7.321/xc8/avr/lib/avrxmega4/crtavr128da48.o
                0x00000000000002d0                __vector_42
                0x00000000000002d0                __vector_22
                0x00000000000002d0                __vector_28
                0x00000000000002d0                __vector_1
                0x00000000000002d0                __vector_32
                0x00000000000002d0                __vector_34
                0x00000000000002d0                __vector_24
                0x00000000000002d0                __vector_12
                0x00000000000002d0                __vector_55
                0x00000000000002d0                __vector_46
                0x00000000000002d0                __bad_interrupt
                0x00000000000002d0                __vector_6
                0x00000000000002d0                __vector_35
                0x00000000000002d0                __vector_39
                0x00000000000002d0                __vector_3
                0x00000000000002d0                __vector_23
                0x00000000000002d0                __vector_30
                0x00000000000002d0                __vector_45
                0x00000000000002d0                __vector_25
                0x00000000000002d0                __vector_11
                0x00000000000002d0                __vector_54
                0x00000000000002d0                __vector_13
                0x00000000000002d0                __vector_17
                0x00000000000002d0                __vector_19
                0x00000000000002d0                __vector_56
                0x00000000000002d0                __vector_7
                0x00000000000002d0                __vector_49
                0x00000000000002d0                __vector_41
                0x00000000000002d0                __vector_43
                0x00000000000002d0                __vector_27
                0x00000000000002d0                __vector_5
                0x00000000000002d0                __vector_33
                0x00000000000002d0                __vector_47
                0x00000000000002d0                __vector_52
                0x00000000000002d0                __vector_37
                0x00000000000002d0                __vector_4
                0x00000000000002d0                __vector_44
                0x00000000000002d0                __vector_51
                0x00000000000002d0                __vector_9
                0x00000000000002d0                __vector_2
                0x00000000000002d0                __vector_21
                0x00000000000002d0                __vector_15
                0x00000000000002d0                __vector_36
                0x00000000000002d0                __vector_40
                0x00000000000002d0                __vector_8
                0x00000000000002d0                __vector_26
                0x00000000000002d0                __vector_48
                0x00000000000002d0                __vector_14
                0x00000000000002d0                __vector_57
                0x00000000000002d0                __vector_53
                0x00000000000002d0                __vector_10
                0x00000000000002d0                __vector_50
                0x00000000000002d0                __vector_16
                0x00000000000002d0                __vector_18
                0x00000000000002d0                __vector_20
                0x00000000000002d0                __vector_38

.text._Exit     0x00000000000002d4        0x4
 .text._Exit    0x00000000000002d4        0x4 /Applications/microchip/xc8/v3.10/avr/bin/../lib/gcc/avr/5.4.0/../../../../avr/lib/avrxmega4/libc.a(_Exit.o)
                0x00000000000002d4                _Exit

.text.__dummy_fini
                0x00000000000002d8        0x2
 .text.__dummy_fini
                0x00000000000002d8        0x2 /Applications/microchip/xc8/v3.10/avr/bin/../lib/gcc/avr/5.4.0/../../../../avr/lib/avrxmega4/libc.a(exit.o)
                0x00000000000002d8                _fini

.text.__dummy_funcs_on_exit
                0x00000000000002da        0x2
 .text.__dummy_funcs_on_exit
                0x00000000000002da        0x2 /Applications/microchip/xc8/v3.10/avr/bin/../lib/gcc/avr/5.4.0/../../../../avr/lib/avrxmega4/libc.a(exit.o)
                0x00000000000002da                __funcs_on_exit

.text.__dummy_simulator_exit
                0x00000000000002dc        0x2
 .text.__dummy_simulator_exit
                0x00000000000002dc        0x2 /Applications/microchip/xc8/v3.10/avr/bin/../lib/gcc/avr/5.4.0/../../../../avr/lib/avrxmega4/libc.a(exit.o)
                0x00000000000002dc                __simulator_exit

.rodata         0x0000000000804000       0x15 load address 0x00000000000002de
 .rodata        0x0000000000804000       0x15 CMakeFiles/My_Project_default_default_XC8_compile.dir/Users/rikke/Vortex/embedded-learning-period/task1/My_Project/main.c.o
